============================================================
G1: AI 윤리 + 개혁파 침례교
============================================================

Search: 'artificial intelligence' -> 0 hits

Search: 'AI ethics' -> 0 hits

Search: 'machine learning ethics' -> 0 hits

Search: 'computer ethics' -> 0 hits

Search: 'digital ethics' -> 0 hits

============================================================
G2: '존 스미스 3세' (John Smith III)
============================================================

Search: 'John Smith' -> 4 hits
  tsu_id=TSU-UNK-e67a056d3c6b05aa81df44ef2e101082_chunk_00327, title=Lectures to my students : being addresses delivered to the s
    content: Then he was away, away at the other end of the platform at Exeter Hall, apostrophising a glass of water ; but he only stopped there a moment, and anon
  tsu_id=TSU-UNK-2afc304c89b936db68ec61d8bd114ac5_chunk_01304, title=THE METROPOLITAN TABERNACLE PULPIT
    content: buried has left a decent sum among them. They are all ear for what the lawyer has to read. They want to hear that will  364 METROPOLITAN TABERNACLE PU
  tsu_id=TSU-UNK-39cd7f1a610a56d57a2a55df174ed20e_chunk_01399, title=The Metropolitan Tabernacle Pulpit
    content: III. Now Icome to a close with the third point, where I think we shall also find some ground for fellowship, THEIR BLESSEDNESS THROUGH THE FAVOUR OF G
  tsu_id=TSU-UNK-39cd7f1a610a56d57a2a55df174ed20e_chunk_02330, title=The Metropolitan Tabernacle Pulpit
    content: to your lips; and then drink as a cow drinks in the summertime, all that you can take in; and go on your way rejoicing.  The gospel of sinners is the 

Search: 'Smith III' -> 0 hits

Search: 'John Smith III' -> 0 hits

Search: 'Adam Smith theology' -> 0 hits

============================================================
G3: 여호수아 가나안 정복
============================================================

Search: 'Canaanites' -> 10 hits
  tsu_id=TSU-UNK-cb2dc052c18cf7f5dde549852ccd7db1_chunk_01296, title=Tropologia: or, A key to open scripture-metaphors.  1681
    content: © dren of Iſrael to detiroy all the Canaanites, left the Bealis of the Field fhonld mulci- * ply, Oe.  | * Secondly,  —_— — —-  Wicked Men compared to
  tsu_id=TSU-UNK-1b4cc91b28c6335ca26c6849a708ed6f_chunk_00055, title=Expositions of Holy Scripture
    content: CAIN, answer of, Genesis, 18  the mark on, Crenesis, 21  results of sin of. Genesis, 23  sentence on, Grenesis, 19  worship of. Genesis, 15  CALEB, gr
  tsu_id=TSU-UNK-7bb085b0c73ce77650371d4d4b67cd02_chunk_00076, title=Expositions of holy scripture /
    content: religion? The influence of influential people, especially if exerted against the service of God, is hard to resist; but it is no excuse for sin that i
  tsu_id=TSU-UNK-7bb085b0c73ce77650371d4d4b67cd02_chunk_00459, title=Expositions of holy scripture /
    content: kings, stands, with a Philistine on one side of hi and an Ammonite on the other, the shameful recor ‘ Ahaz of Judah.’ )  That was what came of forsaki
  tsu_id=TSU-UNK-7bb085b0c73ce77650371d4d4b67cd02_chunk_00460, title=Expositions of holy scripture /
    content: of his own childre The ancient sacred places of the Canaanites, on ey high hill and beneath every conspicuous tree, aga  = a.  23] COSTLY AND FATAL HE
  tsu_id=TSU-UNK-7bb085b0c73ce77650371d4d4b67cd02_chunk_01430, title=Expositions of holy scripture /
    content: ‘the husband, who does not appear to have much business of his own, gets his share in that he sits among the wealthy and honoured inhabitants of the t
  tsu_id=TSU-UNK-874638e2ff8b476900bbfdd6eae91910_chunk_00768, title=Expositions of holy scripture /
    content: trast and the harmony and the order that subsist between them. I. I ask you, first, to notice the apparent contrast and the real harmony and unity of 
  tsu_id=TSU-UNK-874638e2ff8b476900bbfdd6eae91910_chunk_00810, title=Expositions of holy scripture /
    content: for the fierce work which he had to do, rough and hard, ready and prompt, of an iron will and a brave heart. The one  .21] NAME ABOVE EVERY NAME 12  a
  tsu_id=TSU-UNK-315e34330390c2549ee9e55e2ffa13a6_chunk_00505, title=Expositions of holy scripture /
    content: down in the world, like the frontier guard, to push the conquests of the empire, and to win more ground for their King.  Such work is ever needed, nev
  tsu_id=TSU-UNK-315e34330390c2549ee9e55e2ffa13a6_chunk_00506, title=Expositions of holy scripture /
    content: are here dwelling not in the cities of the Canaanites, but, like the father of the faithful, in tents pitched at their  —  =  —=—=  vs.27,28] CITIZENS

Search: 'drive out the Canaanites' -> 10 hits
  tsu_id=TSU-UNK-eeab12e3875a4c8ff2a38dd51432ee8d_chunk_02524, title=The Metropolitan Tabernacle Pulpit
    content: of the Jordan, and that miraculous falling down of the walls of Jericho  us pa8sa< of Jericl)  HEAVEN'S KUBSB CHILDREN. GAS  without their needing to 
  tsu_id=TSU-UNK-2bf1e819b396eca59873c80536e11dde_chunk_00196, title=Spurgeon’s Sermons - Vol. XI - Metropolitan Tabernacle Pulpi
    content: it. Our feeble hope assures us that it is too good to be true to us. A thousand doubtful suggestions assail us, till at  89  Spurgeon’s Sermons - Vol.
  tsu_id=TSU-UNK-2bf1e819b396eca59873c80536e11dde_chunk_01996, title=Spurgeon’s Sermons - Vol. XI - Metropolitan Tabernacle Pulpi
    content: [Scripture Read before Sermon — Judges 2]  LET ME GIVE an outline of the chapter, that we may put the text into its proper setting.  God had brought H
  tsu_id=TSU-UNK-02dd6090f62aaf456580dbb3adc79d39_chunk_01695, title=The Metropolitan Tabernacle Pulpit
    content: in the setting in which God originally put it, and in which he meant it to be presented for our rebuke and exhortation.  II. Secondly, let us carefull
  tsu_id=TSU-UNK-cb10c3a692aef6f9b88f0112f36b6d62_chunk_00029, title=The Metropolitan Tabernacle Pulpit
    content: to follow thee, then thou shalt be clear from this my oath: only bring not my son thither again.” —Genesis xxiv. 5—8.  A Life-long Occupation ... use 
  tsu_id=TSU-UNK-cb10c3a692aef6f9b88f0112f36b6d62_chunk_02089, title=The Metropolitan Tabernacle Pulpit
    content: your lips show forth his salvation. The Lord anoint you this day to the priesthood of praise, for Christ’s sake! Amen.  PORTION oF SoRIPTURE READ BEFO
  tsu_id=TSU-UNK-cb10c3a692aef6f9b88f0112f36b6d62_chunk_02090, title=The Metropolitan Tabernacle Pulpit
    content: “For thou shalt drive out the Canaanites, though they have iron chariots, and though they be strong.’’—Joshua xvii. 18.  Waen the children of Israel h
  tsu_id=TSU-UNK-cb10c3a692aef6f9b88f0112f36b6d62_chunk_02094, title=The Metropolitan Tabernacle Pulpit
    content: “ The land of triumph lies on high, There are no fields of battle there ; Lord, I would conquer till I die, And finish all the glorious war.”  Our tex
  tsu_id=TSU-UNK-2afc304c89b936db68ec61d8bd114ac5_chunk_00983, title=THE METROPOLITAN TABERNACLE PULPIT
    content: take such work in hand, it could do nothing, for it is not a fit agent, and it would hinder rather than help the good  272 METROPOLITAN TABERNACLE PUL
  tsu_id=TSU-UNK-7ed25415ee8e7169dee99669b142d437_chunk_02502, title=The Metropolitan Tabernacle Pulpit
    content: shall be my portion. I may gladly part with leaven, for I am called to eat the bread of angels, nay, the bread of God.  The Christian, too, who knows 

Search: 'Joshua xvii' -> 8 hits
  tsu_id=TSU-UNK-02dd6090f62aaf456580dbb3adc79d39_chunk_00001, title=The Metropolitan Tabernacle Pulpit
    content: of mine. As the Father knoweth me, even so know I the Father: and I lay down my life for the sheep.”—John x. 14, 15.  1,878 A Traitor Suspected and Co
  tsu_id=TSU-UNK-02dd6090f62aaf456580dbb3adc79d39_chunk_00002, title=The Metropolitan Tabernacle Pulpit
    content: 1,882 Retrospect—“ The Lord hath Blessed” ... owe a “ Forasmuch as the Lord hath blessed me hitherto.’’—Joshua xvii. 14,  1,883 Prospect—“ He will kee
  tsu_id=TSU-UNK-02dd6090f62aaf456580dbb3adc79d39_chunk_00241, title=The Metropolitan Tabernacle Pulpit
    content: labours of the vineyard to the pleasures of the Paradise! To our once crucified Lord be glory for ever and ever! Amen.  PORTION OF SCRIPTURE READ BEFO
  tsu_id=TSU-UNK-02dd6090f62aaf456580dbb3adc79d39_chunk_00242, title=The Metropolitan Tabernacle Pulpit
    content: c H. SPURGEON,  AT THE METROPOLITAN TABERNAOLE, NEWINGTON.  “ Forasmuch as the Lord hath blessed me hitherto.’’—Joshua xvii. 14.  Ir is not an easy ta
  tsu_id=TSU-UNK-02dd6090f62aaf456580dbb3adc79d39_chunk_00267, title=The Metropolitan Tabernacle Pulpit
    content: dark, and wants rore light; the poor are very hungry, and need bread; and the ignorant are very faint to know more.  Did you say, “ Now, do not projec
  tsu_id=TSU-UNK-cb10c3a692aef6f9b88f0112f36b6d62_chunk_00029, title=The Metropolitan Tabernacle Pulpit
    content: to follow thee, then thou shalt be clear from this my oath: only bring not my son thither again.” —Genesis xxiv. 5—8.  A Life-long Occupation ... use 
  tsu_id=TSU-UNK-cb10c3a692aef6f9b88f0112f36b6d62_chunk_02089, title=The Metropolitan Tabernacle Pulpit
    content: your lips show forth his salvation. The Lord anoint you this day to the priesthood of praise, for Christ’s sake! Amen.  PORTION oF SoRIPTURE READ BEFO
  tsu_id=TSU-UNK-cb10c3a692aef6f9b88f0112f36b6d62_chunk_02090, title=The Metropolitan Tabernacle Pulpit
    content: “For thou shalt drive out the Canaanites, though they have iron chariots, and though they be strong.’’—Joshua xvii. 18.  Waen the children of Israel h

Search: 'destroy the Canaanites' -> 0 hits

Search: 'herem' -> 10 hits
  tsu_id=TSU-UNK-3e5e120ee55dabb94617d82fed568b88_chunk_00028, title=A treatise on the preparation and delivery of sermons
    content: is often called eloquence, in newspaper puffs, and in the talk of half-educated younglings, returning from church.  Eloquence is a serious thing. You 
  tsu_id=TSU-UNK-3e5e120ee55dabb94617d82fed568b88_chunk_00029, title=A treatise on the preparation and delivery of sermons
    content: * Quint. Int. XII, 1, " An orator is a good man. skilled in speaking." This, he says, was Cato's definition. Prof. Shedd's Introduction to Theremin gi
  tsu_id=TSU-UNK-3e5e120ee55dabb94617d82fed568b88_chunk_00050, title=A treatise on the preparation and delivery of sermons
    content: largely, and they ought to be carefully studied by all who desire to be well acquainted with Rhetoric. It is too common to eulogize famous books, and 
  tsu_id=TSU-UNK-7c3ffe522147ad1e23fe39cb019ae394_chunk_00977, title=A History of Preaching
    content: A few words must be said regarding the homiletical teaching in Germany during the nineteenth century. In  THE NINETEENTH CENTURY 383  this department 
  tsu_id=TSU-UNK-7c3ffe522147ad1e23fe39cb019ae394_chunk_01026, title=A History of Preaching
    content: a wider reading and, on the whole, — ^so far as preaching goes, — a more wholesome influence among the German people.  Another useful preacher of the 
  tsu_id=TSU-UNK-7c3ffe522147ad1e23fe39cb019ae394_chunk_01027, title=A History of Preaching
    content: of his life. In theology Theremin held with conviction and fervor to the evangelical essentials; in church relation  "Sack, S. 356; Stiebritz, SS. 46 
  tsu_id=TSU-UNK-7c3ffe522147ad1e23fe39cb019ae394_chunk_01043, title=A History of Preaching
    content: •Sack, S. 371; Nebe, III, S. 205; Stiebritz, SS. 47, S06; Hering, S. 230; F. Nitzsch and Christlieb-Schian in RE; Fish, XIX cent., p. 63.  408 A HISTO
  tsu_id=TSU-UNK-cb2dc052c18cf7f5dde549852ccd7db1_chunk_00245, title=Tropologia: or, A key to open scripture-metaphors.  1681
    content: lically noted by the digging or boring of the Ears) that I may ofter the ſelt-ſame Body as a Sacrihce to thee for the Sins of Mankind.  Secondly ; as 
  tsu_id=TSU-UNK-6da4290774a8a17effff0fbcad40e867_chunk_01383, title=Expositions of holy scripture /
    content: of him. Other preachers might do something with them, but Paul could not. ‘They will not receive testimony of thee.’  But the Apostle’s heart clung to
  tsu_id=TSU-UNK-3792254c76dffd7da3808395b1a46929_chunk_01681, title=The Metropolitan Tabernacle Pulpit
    content: We saw the Lord God hfiog the foundation upon which fidth is to rest» we shall now consider the mmdation itself.  The passage before us is a very fevo

============================================================
H3: 창조 vs 진화론
============================================================

Search: 'evolution' -> 10 hits
  tsu_id=TSU-UNK-3e5e120ee55dabb94617d82fed568b88_chunk_00791, title=A treatise on the preparation and delivery of sermons
    content: * Whately, p. 221-2. Comp. above, Part I, chap. 3, g 2, as to general and particular morality. 81  362 ENERGY OF STYLE.  which would otherwise have es
  tsu_id=TSU-UNK-3e5e120ee55dabb94617d82fed568b88_chunk_00793, title=A treatise on the preparation and delivery of sermons
    content: JGomp. Herbert Spencer on Style, p. ''2-14. His theory is inadequate, but the facts are well stated.  ENERGY OF STYIE. 363  2. Much depends, as to ene
  tsu_id=TSU-UNK-f768fb794be16045f30e29f2056efa91_chunk_00773, title=A History of Preaching
    content: in national affairs. Nor was this all, for amid the political and military strife, there was progress in other things.  The arts of peace also flouris
  tsu_id=TSU-UNK-f768fb794be16045f30e29f2056efa91_chunk_00782, title=A History of Preaching
    content: his pious life and evangelical views prepared the minds of many of his pupils for the coming religious upheaval.  Vast and important as are the intere
  tsu_id=TSU-UNK-f768fb794be16045f30e29f2056efa91_chunk_00791, title=A History of Preaching
    content: here and there some brave reformer lifted up his voice and spared not to show this decayed house of Israel its sins.  300 a history of preaching  2. T
  tsu_id=TSU-UNK-f768fb794be16045f30e29f2056efa91_chunk_00902, title=A History of Preaching
    content: Lollards. They were repressed, but their opinions were not extirpated. Like those of the " Friends of God " and other  342 A HISTORY OF PREACHING  par
  tsu_id=TSU-UNK-f768fb794be16045f30e29f2056efa91_chunk_00945, title=A History of Preaching
    content: With the beginning of the great Protestant revolt from the Roman Catholic Church in the sixteenth century a new era dawns upon the world. The gatherin
  tsu_id=TSU-UNK-f768fb794be16045f30e29f2056efa91_chunk_00946, title=A History of Preaching
    content: and of reformatory movement within the church, which had marked the fifteenth century, all contributed their various kinds of power toward tiiat momen
  tsu_id=TSU-UNK-f768fb794be16045f30e29f2056efa91_chunk_00948, title=A History of Preaching
    content: in 1525, and his attempt was unsuccessful. Still there was no sign of political unity or power for Italy as a whole.  In Germany the opening of the si
  tsu_id=TSU-UNK-f768fb794be16045f30e29f2056efa91_chunk_00953, title=A History of Preaching
    content: continued to mar the face of European society, but there can be no doubt that moral reform was upon the whole advanced.  The now established use of gu

Search: 'Darwin' -> 7 hits
  tsu_id=TSU-UNK-7c3ffe522147ad1e23fe39cb019ae394_chunk_01296, title=A History of Preaching
    content: Russell, Derby, and toward its turn and at the height of their earlier struggles, of Disraeli and Gladstone.  Some of the greatest of English writers 
  tsu_id=TSU-UNK-7c3ffe522147ad1e23fe39cb019ae394_chunk_01391, title=A History of Preaching
    content: Literature increased, both in volume and variety, and» on the whole, maintained its power. Every phase of literary expression could show a group of ab
  tsu_id=TSU-UNK-732d37837e74af9186ebe4331d108e85_chunk_01266, title=Expositions of holy scripture /
    content: idols in the South Sea Islands, the weakening of caste in India, the romance of missions in Central Africa, ete. etc.  The character, too, of modern c
  tsu_id=TSU-UNK-11db3bd2d7c2ca1e3962e3e7cbe59836_chunk_01717, title=The Metropolitan Tabernacle Pulpit
    content: on, and you, like a sensitive plate, receive his image. I charge you, therefore, to be careful who becomes your guide.  And mark, tJie pupil does not 
  tsu_id=TSU-UNK-cb10c3a692aef6f9b88f0112f36b6d62_chunk_02494, title=The Metropolitan Tabernacle Pulpit
    content: You must also let your eyes look right on, dear friends; for ¢f you begin to look two ways at a time, you will miss the. Lord Jesus, who is your way. 
  tsu_id=TSU-UNK-2afc304c89b936db68ec61d8bd114ac5_chunk_01323, title=THE METROPOLITAN TABERNACLE PULPIT
    content: have gone before is quite good enough for me. I love to think of friends in glory: their footprints cheer me. I love  “The way the holy prophets went,
  tsu_id=TSU-UNK-ab67ca69f34ee13d51326a72d4515083_chunk_01629, title=The Metropolitan Tabernacle Pulpit
    content: on, and you, like a sensitiye plate, veoeiye his image. I charge you, therefore, to be carefitl who becomes your ^uide.  And mark, ths pupil does not 

Search: 'origin of species' -> 1 hits
  tsu_id=TSU-UNK-7c3ffe522147ad1e23fe39cb019ae394_chunk_01391, title=A History of Preaching
    content: Literature increased, both in volume and variety, and» on the whole, maintained its power. Every phase of literary expression could show a group of ab

Search: 'creation' -> 10 hits
  tsu_id=TSU-UNK-1bf5653a9316d384917176fd49daee41_chunk_00161, title=Lectures on the History of Preaching
    content: Yet these superstitious follies must not prevent our observing that he was really a great preacher;  * Lentz, i, p. 229.  ANTONY OF PADUA. 103  and so
  tsu_id=TSU-UNK-3e5e120ee55dabb94617d82fed568b88_chunk_00262, title=A treatise on the preparation and delivery of sermons
    content: examination of a few rich and impressive sermons, is much better, in every respect, than the cursory reading of many.  And so as to all our reading. Y
  tsu_id=TSU-UNK-3e5e120ee55dabb94617d82fed568b88_chunk_00269, title=A treatise on the preparation and delivery of sermons
    content: or riding, when taking exercise or rest. One's very dreams at night may often be made serviceable for this object.  *' 5. Make an early selection of s
  tsu_id=TSU-UNK-3e5e120ee55dabb94617d82fed568b88_chunk_00278, title=A treatise on the preparation and delivery of sermons
    content: Again, remember that originality renders discourse  * Alexander, Thoughts on Preaching, p. 362.  GENERAL MATERIALS OF PREACHING. 131  greatly more att
  tsu_id=TSU-UNK-3e5e120ee55dabb94617d82fed568b88_chunk_00416, title=A treatise on the preparation and delivery of sermons
    content: * Campbell, Phil, of Rhet. p. 76.  ARGUMENT. 193  proclivities to vice, inherited dishonor. And sc as to the doctrine of Election. From the great ineq
  tsu_id=TSU-UNK-f768fb794be16045f30e29f2056efa91_chunk_00030, title=A History of Preaching
    content: ages ; Eckhart among the mystics; Calvin among the theologians of the Reformation; Edwards among American Puritans.  In regard to science there has of
  tsu_id=TSU-UNK-f768fb794be16045f30e29f2056efa91_chunk_00217, title=A History of Preaching
    content: in death. His funeral was attended by an immense concourse and was a remarkable demonstration of popular regard.  As a preacher Basil had native orato
  tsu_id=TSU-UNK-f768fb794be16045f30e29f2056efa91_chunk_00240, title=A History of Preaching
    content: wellknown clemency of the emperor, the probable success of the mission of Flavian, and above all from trust in God."  A passage from the second homily
  tsu_id=TSU-UNK-f768fb794be16045f30e29f2056efa91_chunk_00504, title=A History of Preaching
    content: The future life was taught in both its phases of punishment and bliss, but this was mingled with unscriptural teachings as to purgatory, and with othe
  tsu_id=TSU-UNK-7c3ffe522147ad1e23fe39cb019ae394_chunk_00134, title=A History of Preaching
    content: in the virginal conception to sprout at the nativity; which flourished in youth, and spread its perfume in the years of  ^Mentioned by Zanotto, p. 317

Search: 'Genesis creation' -> 0 hits

============================================================
D3: 전환구 적중 확인
============================================================

Search: 'however' -> 10 hits
  tsu_id=TSU-UNK-1bf5653a9316d384917176fd49daee41_chunk_00061, title=Lectures on the History of Preaching
    content: ; also of the discourses sent out by James, Peter, Jude, John. Most of all is it true of the epistle or discourse  THE APOSTLES. 37  to the Hebrews, w
  tsu_id=TSU-UNK-1bf5653a9316d384917176fd49daee41_chunk_00077, title=Lectures on the History of Preaching
    content: to invite laymen who could edify the brethren, to do so; and this even when sacerdotal feeling was growing strong.  In these first centuries, then, al
  tsu_id=TSU-UNK-1bf5653a9316d384917176fd49daee41_chunk_00078, title=Lectures on the History of Preaching
    content: little Sandemanian chapel in London, he would lay his studies aside and speak impromptu, with the greatest simplicity.  SECOND CENTUEY. 49  It is a fa
  tsu_id=TSU-UNK-1bf5653a9316d384917176fd49daee41_chunk_00100, title=Lectures on the History of Preaching
    content: on Constantine ; but he occupied himself chiefly with his extensive historical and chronological studies and treatises.  From Athanasius, the great Tr
  tsu_id=TSU-UNK-1bf5653a9316d384917176fd49daee41_chunk_00130, title=Lectures on the History of Preaching
    content: can, after stating some truth, condense it into a single keen phrase that will penetrate the hearer's mind and stick.  Hurried as this review has been
  tsu_id=TSU-UNK-1bf5653a9316d384917176fd49daee41_chunk_00179, title=Lectures on the History of Preaching
    content: and main facts are well known. Let us notice certain things which hold true of the Reformation preaching in general.  (1) It was a revival of preachin
  tsu_id=TSU-UNK-1bf5653a9316d384917176fd49daee41_chunk_00180, title=Lectures on the History of Preaching
    content: , And the Keformation was a great outburst of preaching, such as had not been seen since the early Christian centuries.  (2) It was a revival of Bibli
  tsu_id=TSU-UNK-1bf5653a9316d384917176fd49daee41_chunk_00184, title=Lectures on the History of Preaching
    content: And preachers may remember that controversial preaching, properly managed, is full of interest and full of power,  (4) We must add that there was in t
  tsu_id=TSU-UNK-1bf5653a9316d384917176fd49daee41_chunk_00195, title=Lectures on the History of Preaching
    content: the children and servants, and to the poor, simple masses, who need instruction." "If one preaches to the coarse, hard  * For example, * That ye, bein
  tsu_id=TSU-UNK-1bf5653a9316d384917176fd49daee41_chunk_00346, title=Lectures on the History of Preaching
    content: And yet the whole has movement, vigorous and majestic movement, with the energy of profuseness, like a broadly rolling torrent.  Barrow is decidedly A

Search: 'generally' -> 10 hits
  tsu_id=TSU-UNK-1bf5653a9316d384917176fd49daee41_chunk_00027, title=Lectures on the History of Preaching
    content: The most eloquent of all the prophets, the one from whom most can be learned as to preaching, is obviously Isaiah. Isaiah was the very opposite of Amo
  tsu_id=TSU-UNK-1bf5653a9316d384917176fd49daee41_chunk_00028, title=Lectures on the History of Preaching
    content: use in speaking such imaginative conceptions and expressions as generally belong only to poetry. In Part I of the book  16 ON HISTORY OP PREACHING.  o
  tsu_id=TSU-UNK-1bf5653a9316d384917176fd49daee41_chunk_00112, title=Lectures on the History of Preaching
    content: You may notice that few great preachers have written even a single good hymn, and no great hymn-writer has been  72 ON mSTOEY OF PEEACHING.  very emin
  tsu_id=TSU-UNK-1bf5653a9316d384917176fd49daee41_chunk_00123, title=Lectures on the History of Preaching
    content: and simplicity of Greek art are not so much wanting as lost in the manysidedness of Christian thought and Christian  AMBBOSE. 79  sentiment. As to sty
  tsu_id=TSU-UNK-1bf5653a9316d384917176fd49daee41_chunk_00137, title=Lectures on the History of Preaching
    content: discipline. TertuUian, Cyprian and Ambrose, Gregory Thaumaturgus, Basil and Chrysostom, all studied law, and most of  /  88 OM HXSTOET OF PEEACHINQ,  
  tsu_id=TSU-UNK-1bf5653a9316d384917176fd49daee41_chunk_00144, title=Lectures on the History of Preaching
    content: and sacramental efficacies, and these left little room, as they commonly do, for earnest and vigorous preaching.  LECTURE in,  MEDIEVAL AND EEFOEMATIO
  tsu_id=TSU-UNK-1bf5653a9316d384917176fd49daee41_chunk_00146, title=Lectures on the History of Preaching
    content: ing cannot be understood without taking account of that period. So far as the form of modern preaching differs from that of the early Christian centur
  tsu_id=TSU-UNK-1bf5653a9316d384917176fd49daee41_chunk_00191, title=Lectures on the History of Preaching
    content: V-  CALVIK. 121  The vast reputation of Calvin as theologian and church-builder has overshadowed his great merits as a commentator and a preacher. Wit
  tsu_id=TSU-UNK-1bf5653a9316d384917176fd49daee41_chunk_00201, title=Lectures on the History of Preaching
    content: statement I have sometimes made to students, tliat public speaking may be summed up in three things : First, have something to say ; secondly, say it 
  tsu_id=TSU-UNK-1bf5653a9316d384917176fd49daee41_chunk_00252, title=Lectures on the History of Preaching
    content: the Bible sublime sentiments ; Luther drew from it the central truths, the very life-blood, of the gospel of salvation.  160 OK HISTORY OF PREACHING. 

Search: 'general view' -> 10 hits
  tsu_id=TSU-UNK-3e5e120ee55dabb94617d82fed568b88_chunk_00190, title=A treatise on the preparation and delivery of sermons
    content: same time help to give just views of the whole. Besides the important differences between the merely didactic and the  * Thoughts on Preaching, p. 512
  tsu_id=TSU-UNK-3e5e120ee55dabb94617d82fed568b88_chunk_00324, title=A treatise on the preparation and delivery of sermons
    content: previous thought, but seem not aware that corresponding effort is necessary in order to achieve a good description.  He who would describe anything, m
  tsu_id=TSU-UNK-f768fb794be16045f30e29f2056efa91_chunk_00080, title=A History of Preaching
    content: From the times of tiie Apostolic Fathers to the death of Chtysostom (407) and of Augustine (430)  CHAPTER I.  Preaching during the First Three Centuri
  tsu_id=TSU-UNK-f768fb794be16045f30e29f2056efa91_chunk_00602, title=A History of Preaching
    content: combat evil proves that perfection was sought; so much animosity against vice shows what value was attached to virtue."  2. General View of Preaching 
  tsu_id=TSU-UNK-f768fb794be16045f30e29f2056efa91_chunk_00967, title=A History of Preaching
    content: forms. So that the relation between the Reformation and preaching may be succinctly described as one of mutual dependence, aid and guidance.  This app
  tsu_id=TSU-UNK-7c3ffe522147ad1e23fe39cb019ae394_chunk_00004, title=A History of Preaching
    content: CHAPTER I. Prbacbing in Europe at thb End of thb  Sixteenth Century, 7  CHAPTER II. Preaching in Southern Europe During  the Seventeenth Century, 26  
  tsu_id=TSU-UNK-7c3ffe522147ad1e23fe39cb019ae394_chunk_00126, title=A History of Preaching
    content: Christian Scriver,* exclaims : 'Where to-day are the fiery tongues and the burning hearts of the apostles? Where is Ltsther's joyous spirit? Where are
  tsu_id=TSU-UNK-7c3ffe522147ad1e23fe39cb019ae394_chunk_00158, title=A History of Preaching
    content: faults of the age to say that they were wholly without regard to the spiritual good of their hearers in their work.  In regard to these features of th
  tsu_id=TSU-UNK-7c3ffe522147ad1e23fe39cb019ae394_chunk_00475, title=A History of Preaching
    content: PART SECOND  THE EIGHTEENTH CENTURY  CHAPTER VI  GENERAL View o^ the Eighteenth Century. Cathouc Preaching in Southern Europe 
  tsu_id=TSU-UNK-7c3ffe522147ad1e23fe39cb019ae394_chunk_00476, title=A History of Preaching
    content: THE EIGHTEENTH CENTURY  CHAPTER VI  GENERAL View o^ the Eighteenth Century. Cathouc Preaching in Southern Europe  For preaching, as for other departme

Search: 'theological perspective' -> 0 hits

============================================================
F2: Dagg Church Order
============================================================

Search: 'Dagg' -> 10 hits
  tsu_id=TSU-UNK-7c3ffe522147ad1e23fe39cb019ae394_chunk_00209, title=A History of Preaching
    content: tendency in all parties— even Voetius was criticised for having too close relations with Labadie and his movement.  CHAPTER IV  The Classic Age o^ the
  tsu_id=TSU-UNK-7bb085b0c73ce77650371d4d4b67cd02_chunk_00322, title=Expositions of holy scripture /
    content: a treasure that slips out of our fingers is not the best treasure that we can search for. But here the assurance is, ‘Seek, and ye shall find; and sha
  tsu_id=TSU-UNK-874638e2ff8b476900bbfdd6eae91910_chunk_01140, title=Expositions of holy scripture /
    content: - But the antagonism remains at bottom the same. _ Let a man earnestly accept even the creeds of established religion and live by them, and he will fi
  tsu_id=TSU-UNK-32cb70e5c63fea82098ec2bd0b77e896_chunk_01095, title=Expositions of holy scripture /
    content: footstool? 45. If David then call Him Lord, _ how is He his son? 46. And no man was able to answer Him a word; neither  _ durst any man, from that day
  tsu_id=TSU-UNK-6da4290774a8a17effff0fbcad40e867_chunk_00924, title=Expositions of holy scripture /
    content: All that has to be admitted; and when it is all admitted, what then? This is a fastidious generation;  36 ACTS OF THE APOSTLES {[ca. xm.  Erasmus is i
  tsu_id=TSU-UNK-6da4290774a8a17effff0fbcad40e867_chunk_01367, title=Expositions of holy scripture /
    content: which stood Paul in such good stead are — open to us. If God is our rock and our high tower we shall not be moved.  The tribune had for some unknown r
  tsu_id=TSU-UNK-6da4290774a8a17effff0fbcad40e867_chunk_01419, title=Expositions of holy scripture /
    content: means, which yet are as truly divine working as was the sending of the angel to smite off Peter's chains, or the earthquake at Philippi.  This lad was
  tsu_id=TSU-UNK-6da4290774a8a17effff0fbcad40e867_chunk_01423, title=Expositions of holy scripture /
    content: the plot or the interview with him. Promptly he acted, without waiting for the Council’s application to him. At once *  272 ACTS OF THE APOSTLES (cz. 
  tsu_id=TSU-UNK-6da4290774a8a17effff0fbcad40e867_chunk_01424, title=Expositions of holy scripture /
    content: a man who did not hate the governor, and would not have been glad to see him lying dead with a dagger in his breast.  But both the fawning Tertullus a
  tsu_id=TSU-UNK-6da4290774a8a17effff0fbcad40e867_chunk_01584, title=Expositions of holy scripture /
    content: be a Christian, is the recoil of a proud heart from submission. Brethren, let me beseech you that it may not be yours.  III. Again, we have here an ex

Search: 'Church Order' -> 10 hits
  tsu_id=TSU-UNK-f768fb794be16045f30e29f2056efa91_chunk_01067, title=A History of Preaching
    content: in Zurich also, and some who felt on humanistic grounds a hearty disgust with the disgraceful corruptions of the time.  On Saturday, January i, 1519, 
  tsu_id=TSU-UNK-f768fb794be16045f30e29f2056efa91_chunk_01068, title=A History of Preaching
    content: fundamental doctrine and church order; and then those of Peter to show how that apostle agreed with Paul. At the time  THE TRANSITIONAL, OR REFORMATOR
  tsu_id=TSU-UNK-cb2dc052c18cf7f5dde549852ccd7db1_chunk_02180, title=Tropologia: or, A key to open scripture-metaphors.  1681
    content: a City Sion is, $4 Church. Church the Anti-type of Solomon's Temple, 87 Church the Anti: type of the ſecond Temple, 8g  Coura ge.  An Alphabetical Lab
  tsu_id=TSU-UNK-732d37837e74af9186ebe4331d108e85_chunk_00974, title=Expositions of holy scripture /
    content: work as t basis of the world’s transformation, and does fr crown Him as the King, because He is the Saviour, o mankind.  AUTHORITY AND WORK  ‘For the 
  tsu_id=TSU-UNK-6da4290774a8a17effff0fbcad40e867_chunk_00684, title=Expositions of holy scripture /
    content: Christ’s love to men belongs to every one who has found it for himself or herself? ‘This honour have all the saints.’  Whatever may be our differences
  tsu_id=TSU-UNK-6da4290774a8a17effff0fbcad40e867_chunk_01294, title=Expositions of holy scripture /
    content: prayers may fall upon the other in the rain of a divine blessing. ‘I commend you to God, and the word of His grace.’  IV. Lastly, notice the parting c
  tsu_id=TSU-UNK-6b7f8c31e3c7278eb4e9e08278dc17db_chunk_00152, title=Commenting and commentaries
    content: the remarks from authors mentioned in the text, there are observations  from the manuscripts of Joteph Rnghorn, of Norwich. It is not a didactic  or s
  tsu_id=TSU-UNK-977f018156348df6732d679ff2fa0eff_chunk_00790, title=Spurgeon’s Sermons - Vol. XI - Metropolitan Tabernacle Pulpi
    content: and the aloes; bring here the linen—we must take care of our dear, dead Master.” Leave Him alone! Leave Him alone, man!  358  ClassicChristianLibrary.
  tsu_id=TSU-UNK-70f9666d86267a2c00f57b43d68e6789_chunk_00339, title=The Metropolitan Tabernacle Pulpit
    content: that he was able to betray Christ ; for, if he had not known where Jesus was, he could not have taken the guard there.  It does seem, to me, very drea
  tsu_id=TSU-UNK-c682a1d199999181bc797eee95dcc19d_chunk_00911, title=Metropolitan Tabernacle Pulpit
    content: “wHO IS ON THE LOKD’S SIDE?” 249  When you have done that, the next thing for us to do is to take you off to the barracks, and drill you. You will not

Search: 'marks of the church' -> 1 hits
  tsu_id=TSU-UNK-7ed25415ee8e7169dee99669b142d437_chunk_00377, title=The Metropolitan Tabernacle Pulpit
    content: never be able to sheathe your sword until you are in the bi^som of Christ. Thus must you maintain the godly warlare,  " 'Till with yonder bloiKi-bough

Search: 'church order Dagg' -> 0 hits

============================================================
A2: Imago Dei / 하나님의 형상
============================================================

Search: 'imago dei' -> 0 hits

Search: 'image of God' -> 10 hits
  tsu_id=TSU-UNK-7c3ffe522147ad1e23fe39cb019ae394_chunk_00427, title=A History of Preaching
    content: His robust intellect, his shrewd common sense, his vehement feelings, a^d a fancy always more distinguished by force than by elegance, admirably quali
  tsu_id=TSU-UNK-7c3ffe522147ad1e23fe39cb019ae394_chunk_00828, title=A History of Preaching
    content: who are ripe for destruction! And the everlasting doors lift up their heads, that the heirs of glory may come in !  " 'What manner of persons, then, o
  tsu_id=TSU-UNK-cb2dc052c18cf7f5dde549852ccd7db1_chunk_00365, title=Tropologia: or, A key to open scripture-metaphors.  1681
    content: whereby he is mzde holy, and enabled to approve himfelf to God and Men, in all purity of Life and Converiation.  By the Breaſtplate of Righteouſneſs i
  tsu_id=TSU-UNK-cb2dc052c18cf7f5dde549852ccd7db1_chunk_00459, title=Tropologia: or, A key to open scripture-metaphors.  1681
    content: IV. Some Fire is ſo vehement, that Water thrown upon it will not. .  quench it, but rather cauſe it to burn more fierce and vehemently.  ; II.- So' th
  tsu_id=TSU-UNK-cb2dc052c18cf7f5dde549852ccd7db1_chunk_00597, title=Tropologia: or, A key to open scripture-metaphors.  1681
    content: ration of the Almighty giveth bim Underſtanding. Alſo of Comfort and Delight, and that when Multitudes of Thoughts are or would be diſturbing the Mind
  tsu_id=TSU-UNK-cb2dc052c18cf7f5dde549852ccd7db1_chunk_01105, title=Tropologia: or, A key to open scripture-metaphors.  1681
    content: thus it is with a tender-hearted Saint, O how is he gricved for the diſtreſſed Saints, and for difirefſed Sion ! &c. .  V. A Heart of Fleſh, i, e. a t
  tsu_id=TSU-UNK-cb2dc052c18cf7f5dde549852ccd7db1_chunk_01241, title=Tropologia: or, A key to open scripture-metaphors.  1681
    content: tural Life, a Man cannot be ſaid to be dead naturally. | Gg 2 I. Dead,  - = <<  : « x. al. _—  238 —TWicked Men dead in Sin, - - Booktly: ##  i —_—  b
  tsu_id=TSU-UNK-cb2dc052c18cf7f5dde549852ccd7db1_chunk_01242, title=Tropologia: or, A key to open scripture-metaphors.  1681
    content: more to God, until quickned by a new Principle of ſpiritual Lite. And hence unregenerate Men are ſaid to be dead, &c, |  III. A Man that is dead canno
  tsu_id=TSU-UNK-cb2dc052c18cf7f5dde549852ccd7db1_chunk_01246, title=Tropologia: or, A key to open scripture-metaphors.  1681
    content: the Soul is not, in and by its cfſential Properties, the gquickning Principle of it, bur it is the Principle thac  13  Dr, Owes,  Book IV. Wicked Wen 
  tsu_id=TSU-UNK-cb2dc052c18cf7f5dde549852ccd7db1_chunk_01249, title=Tropologia: or, A key to open scripture-metaphors.  1681
    content: III. It ſets forth the Riches of God's Grace in the ſecond Adam, that quickning Spirit, in raiſing poor dead Souls to Life again. |  Iv. Here is much 

Search: 'created in God's image' -> 0 hits

Search: 'Genesis 1:26' -> 0 hits

Search: 'Genesis 1:27' -> 0 hits

============================================================
A1: 로마서 8:1-4 정죄 없음
============================================================

Search: 'no condemnation' -> 10 hits
  tsu_id=TSU-UNK-cb2dc052c18cf7f5dde549852ccd7db1_chunk_00379, title=Tropologia: or, A key to open scripture-metaphors.  1681
    content: in the Weorld,&c. Lia 3.10, 2, Theſe arc the Men it will go well with, whatever comes : Say wnto the Righteous,  it ſhall go well with them, &c. 3. Th
  tsu_id=TSU-UNK-8de588c180e680798fcf281f75d39b13_chunk_00001, title=Expositions of Holy Scripture
    content: The God Who Dwells with Men (Psalm xxiv. 7-10) . 112  Guidance in Judgment (Psalm xxv. 8, 9) . . . 122  A Prayer fob Pardon and its Plea (Psalm  xxv. 
  tsu_id=TSU-UNK-8de588c180e680798fcf281f75d39b13_chunk_00464, title=Expositions of Holy Scripture
    content: be contented that the ' other things ' shall be appendices, additions, over and above the one thing that is needful.  Now, all that is very old-fashio
  tsu_id=TSU-UNK-8de588c180e680798fcf281f75d39b13_chunk_00465, title=Expositions of Holy Scripture
    content: us any good.' The wise do not cry to men, but pray to God. ' Lord ! lift Thou the light of Thy countenance upon us.'  NO CONDEMNATION  ' None of them 
  tsu_id=TSU-UNK-8de588c180e680798fcf281f75d39b13_chunk_00466, title=Expositions of Holy Scripture
    content: servants,' and we have a most striking anticipation of the clearest and most Evangelical teaching of the New Testament.  The entirely New Testament to
  tsu_id=TSU-UNK-8de588c180e680798fcf281f75d39b13_chunk_00469, title=Expositions of Holy Scripture
    content: ' trust,' means literally to fly to a refuge, or to betake oneself to some defence in order to get shelter there.  There is a trace of both meanings, 
  tsu_id=TSU-UNK-8de588c180e680798fcf281f75d39b13_chunk_00470, title=Expositions of Holy Scripture
    content: Then we find the same words, with the picture of flight and the reality of faith, used with another set of associations in another psalm, which says :
  tsu_id=TSU-UNK-8de588c180e680798fcf281f75d39b13_chunk_00474, title=Expositions of Holy Scripture
    content: has a conscience. And sin and guilt and condemnation and punishment go together, as every man may see in the world, and  V.22] NO CONDEMNATION 225  ex
  tsu_id=TSU-UNK-8de588c180e680798fcf281f75d39b13_chunk_00476, title=Expositions of Holy Scripture
    content: Christian or not, there is bound the burden of their sin, which is the crushing weight of their condemnation.  So my text suggests, that the sole deli
  tsu_id=TSU-UNK-cf067845839e97758044ad83b144916d_chunk_00001, title=Expositions of holy scripture /
    content: xxv. 11) ° : : . Gop’s Guests (Psalm xxvii. 4) ° 4 ‘Seek Ye’—‘I wity Seex’ (Psalin xxvii. 8, 9) Taz Two Guests (Psalm xxx.5) .- ;  ‘Be... For THovu Ar

Search: 'Romans 8' -> 5 hits
  tsu_id=TSU-UNK-eb27e9b916530e3841f8c5467ac77433_chunk_00702, title=Spurgeon’s Sermons - Vol. XV - Metropolitan Tabernacle Pulpi
    content: 321  864 Life’s Ever-Springing Well - John 4:14  A Sermon  Delivered on Lord’s-Day Morning, April 4,1869, by the  REV. C. H. SPURGEON At The Metropoli
  tsu_id=TSU-UNK-eb27e9b916530e3841f8c5467ac77433_chunk_00703, title=Spurgeon’s Sermons - Vol. XV - Metropolitan Tabernacle Pulpi
    content: “The water that I shall give him shall be in him a well of water springing up into everlasting life.” —John 4:14  [Po rtion of Scripture read before s
  tsu_id=TSU-UNK-eb27e9b916530e3841f8c5467ac77433_chunk_00929, title=Spurgeon’s Sermons - Vol. XV - Metropolitan Tabernacle Pulpi
    content: men like Abraham, true because believing, and may He help us to sacrifice our all, if need be, for Jesus’ sake. Amen.  423  869 The Gospel of Abraham’
  tsu_id=TSU-UNK-977f018156348df6732d679ff2fa0eff_chunk_01937, title=Spurgeon’s Sermons - Vol. XI - Metropolitan Tabernacle Pulpi
    content: surely that will be the heaviest which shall come upon the man who dared to take the doctrine of the cross as a  870  ClassicChristianLibrary.com 1132
  tsu_id=TSU-UNK-977f018156348df6732d679ff2fa0eff_chunk_01938, title=Spurgeon’s Sermons - Vol. XI - Metropolitan Tabernacle Pulpi
    content: “If any man have not the Spirit of Christ, he is none of His.” — Romans 8:9  [Portion of Scripture read before sermon — Romans 8:1-23]  THIS IS ONE of

Search: 'Romans viii' -> 10 hits
  tsu_id=TSU-UNK-1b4cc91b28c6335ca26c6849a708ed6f_chunk_00310, title=Expositions of Holy Scripture
    content: a, Luke, 137  inthians, 92  ROMAN EMPIRE, Christianity  RIVER of divine love, John, 183  and the, Ezekiel, 53  of God, Psalms, 327  ROMANS I. 1, Mark,
  tsu_id=TSU-UNK-1b4cc91b28c6335ca26c6849a708ed6f_chunk_00312, title=Expositions of Holy Scripture
    content: 19, Isaiah xlix., 115  22, Hebrews, 382  ROMANS VI. 9, Romans, 2; Epistles  23, Romans, 179; n. Timothy,  of John. 120  112 ; Hebrews, 254  13, Ezekie
  tsu_id=TSU-UNK-1687fdf87b96c58adaf313bfeb9655c8_chunk_00765, title=Expositions of holy scripture /
    content: ys His death seems the entire abandonment of this holy :  Beet 38 THE BOOK OF ISAIAH [cu 1  Applied to persons. . To opposing systems. How many antago
  tsu_id=TSU-UNK-1687fdf87b96c58adaf313bfeb9655c8_chunk_00766, title=Expositions of holy scripture /
    content: — in Romans viii. 34, triumphantly claims the words of — our text for Christ’s disciples, and rings out their chal- —  lenge on behalf of all believer
  tsu_id=TSU-UNK-5c83b0016fb6edcd0e7eb0f0e8072ca8_chunk_01147, title=Expositions of holy scripture /
    content: ROMANS I. 7, Romans, 6  — 11-12, Romans, 13  — 14, Esther, 19;  eee,  — 16, Romans, 30; Philippians,  311  '— 17, Acts xiii., 38  ROMANS II. 1, Deuter
  tsu_id=TSU-UNK-5c83b0016fb6edcd0e7eb0f0e8072ca8_chunk_01148, title=Expositions of holy scripture /
    content: ROMANS VI. 21, 1. Corinthians, 171; Ephesians, 306  —— 22, Acts, 171  —— 23, Mark ix., 80; 1. Corinthians, 159  ROMANS VII. 3, Ephesians, 111  —— 14, 
  tsu_id=TSU-UNK-5c83b0016fb6edcd0e7eb0f0e8072ca8_chunk_01149, title=Expositions of holy scripture /
    content: —— 24, Deuteronomy, 289; Psalm li., 60, 239; wu. Timothy, 272; Hebrews, 142; Peter, 65  148  ROMANS VIII. 25, Genesis, 202;| ROMANS XI. 21, m. Kings, 
  tsu_id=TSU-UNK-5c83b0016fb6edcd0e7eb0f0e8072ca8_chunk_01150, title=Expositions of holy scripture /
    content: | —— 19-20, Romans, 300 165; Peter, 278; Epistles of | —— 21, Deuteronomy, 366; John, 195 thew, 130; Romans, 300  —— 38, Romans, 209  — 39, Esther, 13
  tsu_id=TSU-UNK-6b7f8c31e3c7278eb4e9e08278dc17db_chunk_00665, title=Commenting and commentaries
    content: to bring It to the land ; but they could not. for the sea wrought, and was tempestuous against them."— Jonah i. 12, 13.  Sermon XIX.— Oo«i is With Us 
  tsu_id=TSU-UNK-74edb7923a40d79e01af51e24b8e8285_chunk_00111, title=Evening by evening : or, Readings at eventide for the family
    content: in anger, He returns in mercy. Condescending and tender, He does not weary of us, but waits to be gracious still.  Sin has been hammering' mj bouI Unt

Search: 'condemnation' -> 10 hits
  tsu_id=TSU-UNK-1bf5653a9316d384917176fd49daee41_chunk_00269, title=Lectures on the History of Preaching
    content: the most ignorant, being more solicitous in both cases to hear than to speak, and then he may be able in preaching to bring home his message to the **
  tsu_id=TSU-UNK-1bf5653a9316d384917176fd49daee41_chunk_00270, title=Lectures on the History of Preaching
    content: of strict recitation, and as a matter of general theory the condemnation is undoubtedly just, but why refuse to write  DU BOSC. 171  at all ? In all p
  tsu_id=TSU-UNK-3e5e120ee55dabb94617d82fed568b88_chunk_00218, title=A treatise on the preparation and delivery of sermons
    content: for the preacher to offer suggestions upon current political questions — but then it would be hardly worth while.  There are other very important and 
  tsu_id=TSU-UNK-3e5e120ee55dabb94617d82fed568b88_chunk_00438, title=A treatise on the preparation and delivery of sermons
    content: living persons in behalf of those who had died unbaptized, — a practice known to have existed in the next century. He does not present this as an argu
  tsu_id=TSU-UNK-f768fb794be16045f30e29f2056efa91_chunk_00200, title=A History of Preaching
    content: * Vaughan, Hours with the Mystics, Vol. I., p. iii.  •Vaughan, /. c; and Nebe, op. cit., S. 86, et passim.  74 A HISTORY OF PREACHING  thirty years ol
  tsu_id=TSU-UNK-f768fb794be16045f30e29f2056efa91_chunk_00244, title=A History of Preaching
    content: of the empress and the envy and anger of many of the clergy were the causes of Chrysostottn's deposition and bani^ment.  Under the lead of the infamou
  tsu_id=TSU-UNK-f768fb794be16045f30e29f2056efa91_chunk_00318, title=A History of Preaching
    content: was condemned atsEphesus in 431'; and the so-called " Robber Synod " in 449 went so far as actually to depose him from  *Schaff, Vol. III., p. 88if; R
  tsu_id=TSU-UNK-f768fb794be16045f30e29f2056efa91_chunk_01190, title=A History of Preaching
    content: and disputed his doctrine, and after that he was more closely confined. He died in prison when about fifty years old.  Profoundly influenced by Vsder 
  tsu_id=TSU-UNK-f768fb794be16045f30e29f2056efa91_chunk_01191, title=A History of Preaching
    content: and to have preached a little in retired places ; but his public ministry was cut short by his condemnation. He died in  1556.  There were two success
  tsu_id=TSU-UNK-f768fb794be16045f30e29f2056efa91_chunk_01288, title=A History of Preaching
    content: of Christ as an example to bishops, and unfolded with no less force than tact the high duties of the episcopal office. As his language was respectful 

============================================================
SCAN COMPLETE
============================================================
