image of God                     82  ['TSU-UNK-7c3ffe522147ad1e23fe39cb019ae394_chunk_00427', 'TSU-UNK-7c3ffe522147ad1e23fe39cb019ae394_chunk_00828']
imago                            15  ['TSU-UNK-f768fb794be16045f30e29f2056efa91_chunk_00063', 'TSU-UNK-83774afcc678401665ac4e4639fbd825_chunk_00275']
Genesis i. 26/27                  1  ['TSU-UNK-6f050d8a3e684777b72962a511be282d_chunk_00300']
Dagg(word)                        2  ['TSU-UNK-a1e293b54be7f5f538f3a9d4d1952d73_chunk_01184', 'TSU-UNK-a1e293b54be7f5f538f3a9d4d1952d73_chunk_01185']
church order                     11  ['TSU-UNK-f768fb794be16045f30e29f2056efa91_chunk_01067', 'TSU-UNK-f768fb794be16045f30e29f2056efa91_chunk_01068']
marks of the church               1  ['TSU-UNK-7ed25415ee8e7169dee99669b142d437_chunk_00377']
infant baptism                   28  ['TSU-UNK-1bf5653a9316d384917176fd49daee41_chunk_00205', 'TSU-UNK-3e5e120ee55dabb94617d82fed568b88_chunk_00367']
paedo/pedobaptis                  1  ['TSU-UNK-70f9666d86267a2c00f57b43d68e6789_chunk_01839']
presbyterian                    113  ['TSU-UNK-1bf5653a9316d384917176fd49daee41_chunk_00324', 'TSU-UNK-3e5e120ee55dabb94617d82fed568b88_chunk_00078']
1689                             27  ['TSU-UNK-7c3ffe522147ad1e23fe39cb019ae394_chunk_00141', 'TSU-UNK-7c3ffe522147ad1e23fe39cb019ae394_chunk_00365']
London Confession                 0  []
Canaanites                      119  ['TSU-UNK-cb2dc052c18cf7f5dde549852ccd7db1_chunk_01296', 'TSU-UNK-1b4cc91b28c6335ca26c6849a708ed6f_chunk_00055']
drive out the Canaanites         10  ['TSU-UNK-eeab12e3875a4c8ff2a38dd51432ee8d_chunk_02524', 'TSU-UNK-2bf1e819b396eca59873c80536e11dde_chunk_00196']
Joshua xvii                       8  ['TSU-UNK-02dd6090f62aaf456580dbb3adc79d39_chunk_00001', 'TSU-UNK-02dd6090f62aaf456580dbb3adc79d39_chunk_00002']
Mars(planet)                     81  ['TSU-UNK-f768fb794be16045f30e29f2056efa91_chunk_00545', 'TSU-UNK-f768fb794be16045f30e29f2056efa91_chunk_00943']
planet                          132  ['TSU-UNK-3e5e120ee55dabb94617d82fed568b88_chunk_00215', 'TSU-UNK-9ba88cab676aa6552c6c4fd93352e263_chunk_00093']
artificial intelligence           0  []
John Smith                        4  ['TSU-UNK-e67a056d3c6b05aa81df44ef2e101082_chunk_00327', 'TSU-UNK-2afc304c89b936db68ec61d8bd114ac5_chunk_01304']
evolution                        61  ['TSU-UNK-7c3ffe522147ad1e23fe39cb019ae394_chunk_00894', 'TSU-UNK-7c3ffe522147ad1e23fe39cb019ae394_chunk_00908']
Darwin                            7  ['TSU-UNK-7c3ffe522147ad1e23fe39cb019ae394_chunk_01296', 'TSU-UNK-7c3ffe522147ad1e23fe39cb019ae394_chunk_01391']
Hiscox                            1  ['TSU-UNK-a1e293b54be7f5f538f3a9d4d1952d73_chunk_01183']
Fuller(Andrew)                   19  ['TSU-UNK-1bf5653a9316d384917176fd49daee41_chunk_00329', 'TSU-UNK-3e5e120ee55dabb94617d82fed568b88_chunk_00100']
worthy of all acceptation        87  ['TSU-UNK-f768fb794be16045f30e29f2056efa91_chunk_00332', 'TSU-UNK-315e34330390c2549ee9e55e2ffa13a6_chunk_01488']
divorce                         106  ['TSU-UNK-3e5e120ee55dabb94617d82fed568b88_chunk_00168', 'TSU-UNK-f768fb794be16045f30e29f2056efa91_chunk_01247']
melancholy/depress              502  ['TSU-UNK-1bf5653a9316d384917176fd49daee41_chunk_00019', 'TSU-UNK-3e5e120ee55dabb94617d82fed568b88_chunk_00533']

--- 문맥 표본
[image of God] …g preacher." One of his most notable sermons is that on the Image of God in Man, from which the following extract is taken. He is di…
[image of God] …n a bleeding Lord; Dy faith, to spotless love ; to the full image of God renewed in the heart, and producing all holiness of convers…
[Dagg(word)] …Digitized by VjOOQ IC jSi^et^tt mtft* <Ii»/« Si»U J. L. Dagg, D.D. ElemcBts of Moral Science. i2mo.…
[Dagg(word)] …Digitized by VjOOQ IC jSi^et^tt mtft* <Ii»/« Si»U J. L. Dagg, D.D. ElemcBts of Moral Science. i2mo. Prof. Jean Gustav…
[church order] …mothy to set forth Paul's views of fundamental doctrine and church order; and then those of Peter to show how that apostle agreed wi…
[church order] …of Preaching Edwin Charles Dargan fundamental doctrine and church order; and then those of Peter to show how that apostle agreed wi…
[marks of the church] …ud ; War with Amalek no more." Here, then, are some of the marks of the church of Christ. I hope that a part of t!)at church worships in t…
[infant baptism] …in Switzerland, already beginning to deny the propriety of Infant Baptism. In 1525 he was baptized. Then came fierce conflicts with Z…
[infant baptism] …rows the burden of proof on the other, to Episcopacy and to Infant-baptism. The latter, for example, as an existing practice, was mere…
[Mars(planet)] …of the century was Hildebert (d. 1134), at first bishop of Mars, and later archbishop of Tours. He was the contemporary and…
[Mars(planet)] …allegorical method of interpretation too much prevails and mars the force of his sermons. These would not measure up to the…
[Hiscox] …3 5^ Fifty Years among the Baptists {in press). i oo E. T, Hiscox, D.D. The Baptist Church Directory. i6hio., • • 50 Rev. D…
